#-----------------------------------------------------------
# Vivado v2023.1 (64-bit)
# SW Build 3865809 on Sun May  7 15:05:29 MDT 2023
# IP Build 3864474 on Sun May  7 20:36:21 MDT 2023
# SharedData Build 3865790 on Sun May 07 13:33:03 MDT 2023
# Start of session at: Fri Oct 20 18:01:57 2023
# Process ID: 2668
# Current directory: C:/Users/user/Desktop/Vivado/Lab4
# Command line: vivado.exe -gui_launcher_event rodinguilauncherevent12120 C:\Users\user\Desktop\Vivado\Lab4\Lab4.xpr
# Log file: C:/Users/user/Desktop/Vivado/Lab4/vivado.log
# Journal file: C:/Users/user/Desktop/Vivado/Lab4\vivado.jou
# Running On: DESKTOP-7K0J699, OS: Windows, CPU Frequency: 2496 MHz, CPU Physical cores: 6, Host memory: 17032 MB
#-----------------------------------------------------------
start_gui
open_project C:/Users/user/Desktop/Vivado/Lab4/Lab4.xpr
update_compile_order -fileset sources_1
file mkdir C:/Users/user/Desktop/Vivado/Lab4/Lab4.srcs/sim_1/new
set_property SOURCE_SET sources_1 [get_filesets sim_1]
close [ open C:/Users/user/Desktop/Vivado/Lab4/Lab4.srcs/sim_1/new/test_tb.v w ]
add_files -fileset sim_1 C:/Users/user/Desktop/Vivado/Lab4/Lab4.srcs/sim_1/new/test_tb.v
update_compile_order -fileset sim_1
launch_simulation
source lab4.tcl
close_sim
launch_simulation
source lab4.tcl
close_sim
launch_simulation
source lab4.tcl
update_compile_order -fileset sim_1
close_sim
launch_simulation
source lab4.tcl
close_sim
launch_simulation
source testbench.tcl
close_sim
launch_simulation
source testbench.tcl
run all
relaunch_sim
close_sim
launch_simulation
source testbench.tcl
close_sim
launch_simulation
source testbench.tcl
close_sim
launch_simulation
source testbench.tcl
relaunch_sim
close_sim
launch_simulation
source testbench.tcl
close_sim
launch_simulation
source testbench.tcl
close_sim
launch_simulation
source testbench.tcl
relaunch_sim
close_sim
launch_simulation
source testbench.tcl
close_sim
launch_simulation
source testbench.tcl
close_sim
launch_simulation
source testbench.tcl
close_sim
